.next/types/app/questions/[quesId]/[quesName]/edit/page.ts(34,29): error TS2344: Type '{ params: { quesId: string; quesName: string; }; }' does not satisfy the constraint 'PageProps'.
  Types of property 'params' are incompatible.
    Type '{ quesId: string; quesName: string; }' is missing the following properties from type 'Promise<any>': then, catch, finally, [Symbol.toStringTag]
.next/types/app/questions/[quesId]/[quesName]/page.ts(34,29): error TS2344: Type '{ params: { quesId: string; quesName: string; }; }' does not satisfy the constraint 'PageProps'.
  Types of property 'params' are incompatible.
    Type '{ quesId: string; quesName: string; }' is missing the following properties from type 'Promise<any>': then, catch, finally, [Symbol.toStringTag]
.next/types/app/questions/page.ts(34,29): error TS2344: Type '{ searchParams: { page?: string | undefined; tag?: string | undefined; search?: string | undefined; }; }' does not satisfy the constraint 'PageProps'.
  Types of property 'searchParams' are incompatible.
    Type '{ page?: string | undefined; tag?: string | undefined; search?: string | undefined; }' is missing the following properties from type 'Promise<any>': then, catch, finally, [Symbol.toStringTag]
.next/types/app/tags/page.ts(34,29): error TS2344: Type '{ searchParams: { search?: string | undefined; }; }' does not satisfy the constraint 'PageProps'.
  Types of property 'searchParams' are incompatible.
    Type '{ search?: string | undefined; }' is missing the following properties from type 'Promise<any>': then, catch, finally, [Symbol.toStringTag]
.next/types/app/users/[userId]/[userSlug]/answers/page.ts(34,29): error TS2344: Type '{ params: { userId: string; userSlug: string; }; searchParams: { page?: string | undefined; }; }' does not satisfy the constraint 'PageProps'.
  Types of property 'params' are incompatible.
    Type '{ userId: string; userSlug: string; }' is missing the following properties from type 'Promise<any>': then, catch, finally, [Symbol.toStringTag]
.next/types/app/users/[userId]/[userSlug]/page.ts(34,29): error TS2344: Type '{ params: { userId: string; userSlug: string; }; }' does not satisfy the constraint 'PageProps'.
  Types of property 'params' are incompatible.
    Type '{ userId: string; userSlug: string; }' is missing the following properties from type 'Promise<any>': then, catch, finally, [Symbol.toStringTag]
.next/types/app/users/[userId]/[userSlug]/questions/page.ts(34,29): error TS2344: Type '{ params: { userId: string; userSlug: string; }; searchParams: { page?: string | undefined; }; }' does not satisfy the constraint 'PageProps'.
  Types of property 'params' are incompatible.
    Type '{ userId: string; userSlug: string; }' is missing the following properties from type 'Promise<any>': then, catch, finally, [Symbol.toStringTag]
.next/types/app/users/[userId]/[userSlug]/votes/page.ts(34,29): error TS2344: Type '{ params: { userId: string; userSlug: string; }; searchParams: { page?: string | undefined; voteStatus?: "upvoted" | "downvoted" | undefined; }; }' does not satisfy the constraint 'PageProps'.
  Types of property 'params' are incompatible.
    Type '{ userId: string; userSlug: string; }' is missing the following properties from type 'Promise<any>': then, catch, finally, [Symbol.toStringTag]
src/app/questions/[quesId]/[quesName]/edit/page.tsx(17,20): error TS2739: Type 'DefaultDocument' is missing the following properties from type 'QuestionDocument': authorId, title
src/app/questions/[quesId]/[quesName]/page.tsx(210,27): error TS2339: Property 'href' does not exist on type 'string'.
src/app/questions/[quesId]/[quesName]/page.tsx(269,69): error TS2339: Property 'href' does not exist on type 'string'.
src/app/questions/[quesId]/[quesName]/page.tsx(280,15): error TS2322: Type 'DocumentList<DefaultDocument>' is not assignable to type 'DocumentList<CommentDocument>'.
  Types of property 'documents' are incompatible.
    Type 'DefaultDocument[]' is not assignable to type 'CommentDocument[]'.
      Type 'DefaultDocument' is missing the following properties from type 'CommentDocument': content, authorId, author
src/app/questions/[quesId]/[quesName]/page.tsx(290,20): error TS2322: Type 'DocumentList<DefaultDocument>' is not assignable to type 'DocumentList<AnswerDocument>'.
  Types of property 'documents' are incompatible.
    Type 'DefaultDocument[]' is not assignable to type 'AnswerDocument[]'.
      Type 'DefaultDocument' is missing the following properties from type 'AnswerDocument': content, authorId, questionId, author, and 3 more.
src/components/magicui/animated-list.tsx(21,6): error TS2322: Type '{ children: ReactNode; layout: true; className: string; initial: { scale: number; opacity: number; }; animate: { scale: number; opacity: number; originY: number; }; exit: { scale: number; opacity: number; }; transition: { ...; }; }' is not assignable to type 'Omit<HTMLMotionProps<"div">, "ref">'.
  Types of property 'transition' are incompatible.
    Type '{ type: string; stiffness: number; damping: number; }' is not assignable to type 'Transition<any> | undefined'.
      Type '{ type: string; stiffness: number; damping: number; }' is not assignable to type 'TransitionWithValueOverrides<any>'.
        Type '{ type: string; stiffness: number; damping: number; }' is not assignable to type 'ValueAnimationTransition<any>'.
          Types of property 'type' are incompatible.
            Type 'string' is not assignable to type 'AnimationGeneratorType | undefined'.
src/components/magicui/confetti.tsx(20,18): error TS2305: Module '"@/components/ui/button"' has no exported member 'ButtonProps'.
src/components/magicui/shiny-button.tsx(4,36): error TS2724: '"motion/react"' has no exported member named 'AnimationProps'. Did you mean 'animations'?
